{"done": 1, "jobs": 384, "elapsed": 216, "worker": {"a": "thaleia", "b": "nereon", "s1": "money", "s2": "engine", "count": 25, "seconds": 215.81644154100002}}
{"done": 2, "jobs": 384, "elapsed": 237, "worker": {"a": "thaleia", "b": "nereon", "s1": "money", "s2": "engine", "count": 25, "seconds": 237.067474834}}
{"done": 3, "jobs": 384, "elapsed": 243, "worker": {"a": "thaleia", "b": "nereon", "s1": "money", "s2": "engine", "count": 25, "seconds": 242.501992833}}
{"done": 4, "jobs": 384, "elapsed": 247, "worker": {"a": "thaleia", "b": "nereon", "s1": "money", "s2": "engine", "count": 25, "seconds": 247.11273475000002}}
{"done": 5, "jobs": 384, "elapsed": 253, "worker": {"a": "thaleia", "b": "nereon", "s1": "money", "s2": "engine", "count": 25, "seconds": 252.954337167}}
{"done": 6, "jobs": 384, "elapsed": 254, "worker": {"a": "thaleia", "b": "nereon", "s1": "money", "s2": "money", "count": 25, "seconds": 253.804342334}}
{"done": 7, "jobs": 384, "elapsed": 256, "worker": {"a": "thaleia", "b": "nereon", "s1": "money", "s2": "engine", "count": 25, "seconds": 255.56226325000003}}
{"done": 8, "jobs": 384, "elapsed": 258, "worker": {"a": "thaleia", "b": "nereon", "s1": "money", "s2": "money", "count": 25, "seconds": 257.922562917}}
{"done": 9, "jobs": 384, "elapsed": 266, "worker": {"a": "thaleia", "b": "nereon", "s1": "money", "s2": "money", "count": 25, "seconds": 265.753114}}
{"done": 10, "jobs": 384, "elapsed": 274, "worker": {"a": "thaleia", "b": "nereon", "s1": "money", "s2": "engine", "count": 25, "seconds": 273.457032}}
{"done": 11, "jobs": 384, "elapsed": 274, "worker": {"a": "thaleia", "b": "nereon", "s1": "engine", "s2": "engine", "count": 25, "seconds": 7.799113042}}
{"done": 12, "jobs": 384, "elapsed": 279, "worker": {"a": "thaleia", "b": "nereon", "s1": "engine", "s2": "engine", "count": 25, "seconds": 5.897688375}}
{"done": 13, "jobs": 384, "elapsed": 280, "worker": {"a": "thaleia", "b": "nereon", "s1": "engine", "s2": "engine", "count": 25, "seconds": 6.763983124999999}}
{"done": 14, "jobs": 384, "elapsed": 287, "worker": {"a": "thaleia", "b": "nereon", "s1": "engine", "s2": "engine", "count": 25, "seconds": 7.70223625}}
{"done": 15, "jobs": 384, "elapsed": 288, "worker": {"a": "thaleia", "b": "nereon", "s1": "engine", "s2": "engine", "count": 25, "seconds": 7.562306041}}
{"done": 16, "jobs": 384, "elapsed": 291, "worker": {"a": "thaleia", "b": "nereon", "s1": "money", "s2": "money", "count": 25, "seconds": 290.958318625}}
{"done": 17, "jobs": 384, "elapsed": 294, "worker": {"a": "thaleia", "b": "nereon", "s1": "engine", "s2": "engine", "count": 25, "seconds": 6.933779042}}
{"done": 18, "jobs": 384, "elapsed": 296, "worker": {"a": "thaleia", "b": "nereon", "s1": "money", "s2": "engine", "count": 25, "seconds": 295.62055625000005}}
{"done": 19, "jobs": 384, "elapsed": 296, "worker": {"a": "thaleia", "b": "nereon", "s1": "engine", "s2": "engine", "count": 25, "seconds": 7.729688416999999}}
{"done": 20, "jobs": 384, "elapsed": 298, "worker": {"a": "thaleia", "b": "nereon", "s1": "engine", "s2": "engine", "count": 25, "seconds": 6.710237667}}
{"done": 21, "jobs": 384, "elapsed": 306, "worker": {"a": "thaleia", "b": "nereon", "s1": "money", "s2": "money", "count": 25, "seconds": 306.009970792}}
{"done": 22, "jobs": 384, "elapsed": 315, "worker": {"a": "thaleia", "b": "nereon", "s1": "money", "s2": "money", "count": 25, "seconds": 315.123017542}}
{"done": 23, "jobs": 384, "elapsed": 328, "worker": {"a": "thaleia", "b": "nereon", "s1": "engine", "s2": "money", "count": 25, "seconds": 112.04651025000001}}
{"done": 24, "jobs": 384, "elapsed": 334, "worker": {"a": "thaleia", "b": "nereon", "s1": "engine", "s2": "money", "count": 25, "seconds": 96.58984979200001}}
{"done": 25, "jobs": 384, "elapsed": 342, "worker": {"a": "thaleia", "b": "nereon", "s1": "engine", "s2": "money", "count": 25, "seconds": 99.805232042}}
{"done": 26, "jobs": 384, "elapsed": 347, "worker": {"a": "thaleia", "b": "nereon", "s1": "money", "s2": "money", "count": 25, "seconds": 347.12316766600003}}
{"done": 27, "jobs": 384, "elapsed": 354, "worker": {"a": "thaleia", "b": "nereon", "s1": "engine", "s2": "money", "count": 25, "seconds": 98.525099625}}
{"done": 28, "jobs": 384, "elapsed": 357, "worker": {"a": "thaleia", "b": "nereon", "s1": "engine", "s2": "money", "count": 25, "seconds": 109.383402334}}
{"done": 29, "jobs": 384, "elapsed": 366, "worker": {"a": "thaleia", "b": "nereon", "s1": "engine", "s2": "money", "count": 25, "seconds": 108.28804483299999}}
{"done": 30, "jobs": 384, "elapsed": 371, "worker": {"a": "thaleia", "b": "nereon", "s1": "engine", "s2": "money", "count": 25, "seconds": 117.37603691700001}}
{"done": 31, "jobs": 384, "elapsed": 372, "worker": {"a": "thaleia", "b": "nereon", "s1": "engine", "s2": "money", "count": 25, "seconds": 119.11416120799998}}
{"done": 32, "jobs": 384, "elapsed": 566, "worker": {"a": "thaleia", "b": "nereon", "s1": "money", "s2": "money", "count": 25, "seconds": 566.191409125}}
{"done": 33, "jobs": 384, "elapsed": 579, "worker": {"a": "thaleia", "b": "melia", "s1": "money", "s2": "engine", "count": 25, "seconds": 212.416746209}}
{"done": 34, "jobs": 384, "elapsed": 584, "worker": {"a": "thaleia", "b": "melia", "s1": "money", "s2": "money", "count": 25, "seconds": 288.16242083300006}}
{"done": 35, "jobs": 384, "elapsed": 591, "worker": {"a": "thaleia", "b": "melia", "s1": "money", "s2": "engine", "count": 25, "seconds": 219.883671333}}
{"done": 36, "jobs": 384, "elapsed": 612, "worker": {"a": "thaleia", "b": "melia", "s1": "money", "s2": "money", "count": 25, "seconds": 305.70462}}
{"done": 37, "jobs": 384, "elapsed": 622, "worker": {"a": "thaleia", "b": "melia", "s1": "money", "s2": "money", "count": 25, "seconds": 287.986212084}}
{"done": 38, "jobs": 384, "elapsed": 629, "worker": {"a": "thaleia", "b": "melia", "s1": "money", "s2": "engine", "count": 25, "seconds": 274.79656687499994}}
{"done": 39, "jobs": 384, "elapsed": 632, "worker": {"a": "thaleia", "b": "melia", "s1": "money", "s2": "engine", "count": 25, "seconds": 289.45121524999996}}
{"done": 40, "jobs": 384, "elapsed": 636, "worker": {"a": "thaleia", "b": "melia", "s1": "money", "s2": "engine", "count": 25, "seconds": 264.23499645900006}}
{"done": 41, "jobs": 384, "elapsed": 649, "worker": {"a": "thaleia", "b": "melia", "s1": "money", "s2": "money", "count": 25, "seconds": 351.022809833}}
{"done": 42, "jobs": 384, "elapsed": 656, "worker": {"a": "thaleia", "b": "melia", "s1": "engine", "s2": "engine", "count": 25, "seconds": 7.024740625}}
{"done": 43, "jobs": 384, "elapsed": 661, "worker": {"a": "thaleia", "b": "melia", "s1": "engine", "s2": "engine", "count": 25, "seconds": 5.155658916999999}}
{"done": 44, "jobs": 384, "elapsed": 664, "worker": {"a": "thaleia", "b": "melia", "s1": "money", "s2": "engine", "count": 25, "seconds": 317.0112945}}
{"done": 45, "jobs": 384, "elapsed": 667, "worker": {"a": "thaleia", "b": "melia", "s1": "engine", "s2": "engine", "count": 25, "seconds": 6.201572375}}
{"done": 46, "jobs": 384, "elapsed": 672, "worker": {"a": "thaleia", "b": "melia", "s1": "engine", "s2": "engine", "count": 25, "seconds": 7.905631291}}
{"done": 47, "jobs": 384, "elapsed": 674, "worker": {"a": "thaleia", "b": "melia", "s1": "engine", "s2": "engine", "count": 25, "seconds": 6.837032375}}
{"done": 48, "jobs": 384, "elapsed": 678, "worker": {"a": "thaleia", "b": "melia", "s1": "money", "s2": "money", "count": 25, "seconds": 382.17264345899997}}
{"done": 49, "jobs": 384, "elapsed": 679, "worker": {"a": "thaleia", "b": "melia", "s1": "engine", "s2": "engine", "count": 25, "seconds": 6.335118291000001}}
{"done": 50, "jobs": 384, "elapsed": 680, "worker": {"a": "thaleia", "b": "melia", "s1": "money", "s2": "engine", "count": 25, "seconds": 323.626149875}}
{"done": 51, "jobs": 384, "elapsed": 681, "worker": {"a": "thaleia", "b": "melia", "s1": "engine", "s2": "engine", "count": 25, "seconds": 7.161315625}}
{"done": 52, "jobs": 384, "elapsed": 685, "worker": {"a": "thaleia", "b": "melia", "s1": "engine", "s2": "engine", "count": 25, "seconds": 6.728556667}}
{"done": 53, "jobs": 384, "elapsed": 689, "worker": {"a": "thaleia", "b": "melia", "s1": "engine", "s2": "money", "count": 25, "seconds": 105.02645979100001}}
{"done": 54, "jobs": 384, "elapsed": 691, "worker": {"a": "thaleia", "b": "melia", "s1": "money", "s2": "money", "count": 25, "seconds": 363.263732375}}
{"done": 55, "jobs": 384, "elapsed": 707, "worker": {"a": "thaleia", "b": "melia", "s1": "engine", "s2": "money", "count": 25, "seconds": 115.66045029200001}}
{"done": 56, "jobs": 384, "elapsed": 710, "worker": {"a": "thaleia", "b": "melia", "s1": "engine", "s2": "money", "count": 25, "seconds": 98.30567850000001}}
{"done": 57, "jobs": 384, "elapsed": 739, "worker": {"a": "thaleia", "b": "melia", "s1": "engine", "s2": "money", "count": 25, "seconds": 160.00873354200002}}
{"done": 58, "jobs": 384, "elapsed": 741, "worker": {"a": "thaleia", "b": "melia", "s1": "engine", "s2": "money", "count": 25, "seconds": 119.086422792}}
{"done": 59, "jobs": 384, "elapsed": 754, "worker": {"a": "thaleia", "b": "melia", "s1": "engine", "s2": "money", "count": 25, "seconds": 124.52557112499998}}
{"done": 60, "jobs": 384, "elapsed": 771, "worker": {"a": "thaleia", "b": "melia", "s1": "money", "s2": "engine", "count": 25, "seconds": 204.86297725}}
{"done": 61, "jobs": 384, "elapsed": 779, "worker": {"a": "thaleia", "b": "melia", "s1": "engine", "s2": "money", "count": 25, "seconds": 146.928444042}}
{"done": 62, "jobs": 384, "elapsed": 782, "worker": {"a": "thaleia", "b": "melia", "s1": "engine", "s2": "money", "count": 25, "seconds": 145.673682584}}
{"done": 63, "jobs": 384, "elapsed": 878, "worker": {"a": "thaleia", "b": "melia", "s1": "money", "s2": "money", "count": 25, "seconds": 583.500268875}}
{"done": 64, "jobs": 384, "elapsed": 967, "worker": {"a": "thaleia", "b": "melia", "s1": "money", "s2": "money", "count": 25, "seconds": 651.616250625}}
{"done": 65, "jobs": 384, "elapsed": 1130, "worker": {"a": "thaleia", "b": "doreios", "s1": "money", "s2": "engine", "count": 25, "seconds": 388.77020991700005}}
{"done": 66, "jobs": 384, "elapsed": 1146, "worker": {"a": "thaleia", "b": "doreios", "s1": "money", "s2": "engine", "count": 25, "seconds": 392.10654812499996}}
{"done": 67, "jobs": 384, "elapsed": 1167, "worker": {"a": "thaleia", "b": "doreios", "s1": "money", "s2": "engine", "count": 25, "seconds": 396.184257417}}
{"done": 68, "jobs": 384, "elapsed": 1210, "worker": {"a": "thaleia", "b": "doreios", "s1": "money", "s2": "engine", "count": 25, "seconds": 427.74913704200003}}
{"done": 69, "jobs": 384, "elapsed": 1218, "worker": {"a": "thaleia", "b": "doreios", "s1": "money", "s2": "engine", "count": 25, "seconds": 479.08367637500004}}
{"done": 70, "jobs": 384, "elapsed": 1222, "worker": {"a": "thaleia", "b": "doreios", "s1": "engine", "s2": "money", "count": 25, "seconds": 92.566969333}}
{"done": 71, "jobs": 384, "elapsed": 1235, "worker": {"a": "thaleia", "b": "doreios", "s1": "engine", "s2": "money", "count": 25, "seconds": 88.73893233300001}}
{"done": 72, "jobs": 384, "elapsed": 1238, "worker": {"a": "thaleia", "b": "doreios", "s1": "engine", "s2": "money", "count": 25, "seconds": 70.725059917}}
{"done": 73, "jobs": 384, "elapsed": 1285, "worker": {"a": "thaleia", "b": "doreios", "s1": "engine", "s2": "money", "count": 25, "seconds": 62.735228583}}
{"done": 74, "jobs": 384, "elapsed": 1291, "worker": {"a": "thaleia", "b": "doreios", "s1": "engine", "s2": "engine", "count": 25, "seconds": 6.180976167}}
{"done": 75, "jobs": 384, "elapsed": 1296, "worker": {"a": "thaleia", "b": "doreios", "s1": "engine", "s2": "engine", "count": 25, "seconds": 4.340436375}}
{"done": 76, "jobs": 384, "elapsed": 1300, "worker": {"a": "thaleia", "b": "doreios", "s1": "engine", "s2": "money", "count": 25, "seconds": 81.691856583}}
{"done": 77, "jobs": 384, "elapsed": 1301, "worker": {"a": "thaleia", "b": "doreios", "s1": "engine", "s2": "engine", "count": 25, "seconds": 5.409442959}}
{"done": 78, "jobs": 384, "elapsed": 1306, "worker": {"a": "thaleia", "b": "doreios", "s1": "engine", "s2": "engine", "count": 25, "seconds": 6.213949916000001}}
{"done": 79, "jobs": 384, "elapsed": 1307, "worker": {"a": "thaleia", "b": "doreios", "s1": "engine", "s2": "engine", "count": 25, "seconds": 5.989752917}}
{"done": 80, "jobs": 384, "elapsed": 1311, "worker": {"a": "thaleia", "b": "doreios", "s1": "engine", "s2": "engine", "count": 25, "seconds": 5.085261582999999}}
{"done": 81, "jobs": 384, "elapsed": 1312, "worker": {"a": "thaleia", "b": "doreios", "s1": "engine", "s2": "money", "count": 25, "seconds": 101.45091816600001}}
{"done": 82, "jobs": 384, "elapsed": 1313, "worker": {"a": "thaleia", "b": "doreios", "s1": "engine", "s2": "engine", "count": 25, "seconds": 6.003115791}}
{"done": 83, "jobs": 384, "elapsed": 1316, "worker": {"a": "thaleia", "b": "doreios", "s1": "engine", "s2": "engine", "count": 25, "seconds": 4.779950374999999}}
{"done": 84, "jobs": 384, "elapsed": 1328, "worker": {"a": "thaleia", "b": "doreios", "s1": "engine", "s2": "money", "count": 25, "seconds": 92.96689975}}
{"done": 85, "jobs": 384, "elapsed": 1358, "worker": {"a": "thaleia", "b": "doreios", "s1": "money", "s2": "engine", "count": 25, "seconds": 579.306230459}}
{"done": 86, "jobs": 384, "elapsed": 1362, "worker": {"a": "thaleia", "b": "doreios", "s1": "engine", "s2": "money", "count": 25, "seconds": 123.989277833}}
{"done": 87, "jobs": 384, "elapsed": 1399, "worker": {"a": "thaleia", "b": "doreios", "s1": "money", "s2": "money", "count": 25, "seconds": 709.4956433750001}}
{"done": 88, "jobs": 384, "elapsed": 1433, "worker": {"a": "thaleia", "b": "doreios", "s1": "money", "s2": "engine", "count": 25, "seconds": 555.170832625}}
{"done": 89, "jobs": 384, "elapsed": 1469, "worker": {"a": "thaleia", "b": "doreios", "s1": "money", "s2": "engine", "count": 25, "seconds": 501.677237417}}
{"done": 90, "jobs": 384, "elapsed": 1564, "worker": {"a": "thaleia", "b": "doreios", "s1": "money", "s2": "money", "count": 25, "seconds": 872.188406416}}
{"done": 91, "jobs": 384, "elapsed": 1766, "worker": {"a": "thaleia", "b": "doreios", "s1": "money", "s2": "money", "count": 25, "seconds": 1055.228992542}}
{"done": 92, "jobs": 384, "elapsed": 1790, "worker": {"a": "nereon", "b": "thaleia", "s1": "money", "s2": "engine", "count": 25, "seconds": 321.25734729100003}}
{"done": 93, "jobs": 384, "elapsed": 1923, "worker": {"a": "thaleia", "b": "doreios", "s1": "money", "s2": "money", "count": 25, "seconds": 1215.9590493340002}}
{"done": 94, "jobs": 384, "elapsed": 1946, "worker": {"a": "nereon", "b": "thaleia", "s1": "money", "s2": "engine", "count": 25, "seconds": 382.093224542}}
{"done": 95, "jobs": 384, "elapsed": 1989, "worker": {"a": "nereon", "b": "thaleia", "s1": "money", "s2": "money", "count": 25, "seconds": 661.3734639999999}}
{"done": 96, "jobs": 384, "elapsed": 2014, "worker": {"a": "nereon", "b": "thaleia", "s1": "money", "s2": "money", "count": 25, "seconds": 651.9131124999999}}
{"done": 97, "jobs": 384, "elapsed": 2018, "worker": {"a": "nereon", "b": "thaleia", "s1": "money", "s2": "engine", "count": 25, "seconds": 227.790504625}}
{"done": 98, "jobs": 384, "elapsed": 2040, "worker": {"a": "nereon", "b": "thaleia", "s1": "money", "s2": "money", "count": 25, "seconds": 681.444795}}
{"done": 99, "jobs": 384, "elapsed": 2059, "worker": {"a": "nereon", "b": "thaleia", "s1": "money", "s2": "engine", "count": 25, "seconds": 293.865890459}}
{"done": 100, "jobs": 384, "elapsed": 2083, "worker": {"a": "thaleia", "b": "doreios", "s1": "money", "s2": "money", "count": 25, "seconds": 1401.341116916}}
{"done": 101, "jobs": 384, "elapsed": 2130, "worker": {"a": "nereon", "b": "thaleia", "s1": "money", "s2": "engine", "count": 25, "seconds": 184.320086125}}
{"done": 102, "jobs": 384, "elapsed": 2133, "worker": {"a": "nereon", "b": "thaleia", "s1": "money", "s2": "money", "count": 25, "seconds": 821.598064625}}
{"done": 103, "jobs": 384, "elapsed": 2140, "worker": {"a": "nereon", "b": "thaleia", "s1": "engine", "s2": "money", "count": 25, "seconds": 121.947250458}}
{"done": 104, "jobs": 384, "elapsed": 2202, "worker": {"a": "nereon", "b": "thaleia", "s1": "engine", "s2": "money", "count": 25, "seconds": 119.034101542}}
{"done": 105, "jobs": 384, "elapsed": 2204, "worker": {"a": "nereon", "b": "thaleia", "s1": "money", "s2": "engine", "count": 25, "seconds": 189.47260170899997}}
{"done": 106, "jobs": 384, "elapsed": 2209, "worker": {"a": "nereon", "b": "thaleia", "s1": "engine", "s2": "engine", "count": 25, "seconds": 5.398981791}}
{"done": 107, "jobs": 384, "elapsed": 2216, "worker": {"a": "nereon", "b": "thaleia", "s1": "engine", "s2": "engine", "count": 25, "seconds": 6.685567958000001}}
{"done": 108, "jobs": 384, "elapsed": 2218, "worker": {"a": "nereon", "b": "thaleia", "s1": "money", "s2": "engine", "count": 25, "seconds": 229.248067416}}
{"done": 109, "jobs": 384, "elapsed": 2219, "worker": {"a": "nereon", "b": "thaleia", "s1": "engine", "s2": "money", "count": 25, "seconds": 159.920516292}}
{"done": 110, "jobs": 384, "elapsed": 2220, "worker": {"a": "nereon", "b": "thaleia", "s1": "engine", "s2": "money", "count": 25, "seconds": 180.367903958}}
{"done": 111, "jobs": 384, "elapsed": 2222, "worker": {"a": "nereon", "b": "thaleia", "s1": "engine", "s2": "engine", "count": 25, "seconds": 6.357782499999999}}
{"done": 112, "jobs": 384, "elapsed": 2225, "worker": {"a": "nereon", "b": "thaleia", "s1": "engine", "s2": "engine", "count": 25, "seconds": 6.160370459}}
{"done": 113, "jobs": 384, "elapsed": 2226, "worker": {"a": "nereon", "b": "thaleia", "s1": "engine", "s2": "engine", "count": 25, "seconds": 5.821063709}}
{"done": 114, "jobs": 384, "elapsed": 2226, "worker": {"a": "nereon", "b": "thaleia", "s1": "engine", "s2": "engine", "count": 25, "seconds": 6.747932959}}
{"done": 115, "jobs": 384, "elapsed": 2228, "worker": {"a": "nereon", "b": "thaleia", "s1": "engine", "s2": "engine", "count": 25, "seconds": 5.177467292}}
{"done": 116, "jobs": 384, "elapsed": 2231, "worker": {"a": "nereon", "b": "thaleia", "s1": "engine", "s2": "engine", "count": 25, "seconds": 6.742323667}}
{"done": 117, "jobs": 384, "elapsed": 2247, "worker": {"a": "nereon", "b": "thaleia", "s1": "money", "s2": "engine", "count": 25, "seconds": 323.74440841700005}}
{"done": 118, "jobs": 384, "elapsed": 2259, "worker": {"a": "nereon", "b": "thaleia", "s1": "money", "s2": "money", "count": 25, "seconds": 826.1470189170001}}
{"done": 119, "jobs": 384, "elapsed": 2260, "worker": {"a": "nereon", "b": "thaleia", "s1": "engine", "s2": "money", "count": 25, "seconds": 119.888273875}}
{"done": 120, "jobs": 384, "elapsed": 2284, "worker": {"a": "nereon", "b": "thaleia", "s1": "engine", "s2": "money", "count": 25, "seconds": 150.60702091599998}}
{"done": 121, "jobs": 384, "elapsed": 2285, "worker": {"a": "nereon", "b": "thaleia", "s1": "engine", "s2": "money", "count": 25, "seconds": 154.86997666699997}}
{"done": 122, "jobs": 384, "elapsed": 2356, "worker": {"a": "nereon", "b": "thaleia", "s1": "engine", "s2": "money", "count": 25, "seconds": 153.94609662499997}}
{"done": 123, "jobs": 384, "elapsed": 2356, "worker": {"a": "nereon", "b": "thaleia", "s1": "money", "s2": "money", "count": 25, "seconds": 1042.890928667}}
{"done": 124, "jobs": 384, "elapsed": 2388, "worker": {"a": "thaleia", "b": "doreios", "s1": "money", "s2": "money", "count": 25, "seconds": 1702.790923291}}
{"done": 125, "jobs": 384, "elapsed": 2423, "worker": {"a": "nereon", "b": "melia", "s1": "money", "s2": "money", "count": 25, "seconds": 175.720154125}}
{"done": 126, "jobs": 384, "elapsed": 2443, "worker": {"a": "nereon", "b": "melia", "s1": "money", "s2": "engine", "count": 25, "seconds": 158.235483042}}
{"done": 127, "jobs": 384, "elapsed": 2486, "worker": {"a": "nereon", "b": "melia", "s1": "money", "s2": "money", "count": 25, "seconds": 201.821076833}}
{"done": 128, "jobs": 384, "elapsed": 2489, "worker": {"a": "thaleia", "b": "doreios", "s1": "money", "s2": "money", "count": 25, "seconds": 1808.565657875}}
{"done": 129, "jobs": 384, "elapsed": 2491, "worker": {"a": "nereon", "b": "melia", "s1": "money", "s2": "money", "count": 25, "seconds": 259.209368709}}
{"done": 130, "jobs": 384, "elapsed": 2522, "worker": {"a": "nereon", "b": "melia", "s1": "money", "s2": "money", "count": 25, "seconds": 261.782378667}}
{"done": 131, "jobs": 384, "elapsed": 2575, "worker": {"a": "nereon", "b": "melia", "s1": "money", "s2": "engine", "count": 25, "seconds": 218.63285737500001}}
{"done": 132, "jobs": 384, "elapsed": 2587, "worker": {"a": "nereon", "b": "melia", "s1": "engine", "s2": "money", "count": 25, "seconds": 96.141813208}}
{"done": 133, "jobs": 384, "elapsed": 2599, "worker": {"a": "nereon", "b": "melia", "s1": "money", "s2": "engine", "count": 25, "seconds": 243.167751292}}
{"done": 134, "jobs": 384, "elapsed": 2607, "worker": {"a": "nereon", "b": "melia", "s1": "engine", "s2": "money", "count": 25, "seconds": 85.179819084}}
{"done": 135, "jobs": 384, "elapsed": 2607, "worker": {"a": "nereon", "b": "melia", "s1": "money", "s2": "engine", "count": 25, "seconds": 118.284889042}}
{"done": 136, "jobs": 384, "elapsed": 2644, "worker": {"a": "nereon", "b": "melia", "s1": "money", "s2": "money", "count": 25, "seconds": 417.396511666}}
{"done": 137, "jobs": 384, "elapsed": 2652, "worker": {"a": "nereon", "b": "melia", "s1": "engine", "s2": "money", "count": 25, "seconds": 76.549524625}}
{"done": 138, "jobs": 384, "elapsed": 2652, "worker": {"a": "nereon", "b": "melia", "s1": "money", "s2": "engine", "count": 25, "seconds": 209.08959675}}
{"done": 139, "jobs": 384, "elapsed": 2654, "worker": {"a": "nereon", "b": "melia", "s1": "money", "s2": "money", "count": 25, "seconds": 427.541280708}}
{"done": 140, "jobs": 384, "elapsed": 2656, "worker": {"a": "nereon", "b": "melia", "s1": "engine", "s2": "engine", "count": 25, "seconds": 4.059671583}}
{"done": 141, "jobs": 384, "elapsed": 2657, "worker": {"a": "nereon", "b": "melia", "s1": "engine", "s2": "engine", "count": 25, "seconds": 4.329457166999999}}
{"done": 142, "jobs": 384, "elapsed": 2658, "worker": {"a": "nereon", "b": "melia", "s1": "engine", "s2": "engine", "count": 25, "seconds": 4.030272708}}
{"done": 143, "jobs": 384, "elapsed": 2660, "worker": {"a": "nereon", "b": "melia", "s1": "engine", "s2": "money", "count": 25, "seconds": 73.52090820800001}}
{"done": 144, "jobs": 384, "elapsed": 2661, "worker": {"a": "nereon", "b": "melia", "s1": "engine", "s2": "engine", "count": 25, "seconds": 4.986594541}}
{"done": 145, "jobs": 384, "elapsed": 2661, "worker": {"a": "nereon", "b": "melia", "s1": "engine", "s2": "engine", "count": 25, "seconds": 3.956491}}
{"done": 146, "jobs": 384, "elapsed": 2662, "worker": {"a": "nereon", "b": "melia", "s1": "engine", "s2": "engine", "count": 25, "seconds": 4.4516571670000005}}
{"done": 147, "jobs": 384, "elapsed": 2665, "worker": {"a": "nereon", "b": "melia", "s1": "engine", "s2": "engine", "count": 25, "seconds": 4.131944917}}
{"done": 148, "jobs": 384, "elapsed": 2665, "worker": {"a": "nereon", "b": "melia", "s1": "engine", "s2": "engine", "count": 25, "seconds": 4.090474209000001}}
{"done": 149, "jobs": 384, "elapsed": 2675, "worker": {"a": "nereon", "b": "melia", "s1": "engine", "s2": "money", "count": 25, "seconds": 67.832119833}}
{"done": 150, "jobs": 384, "elapsed": 2677, "worker": {"a": "nereon", "b": "melia", "s1": "engine", "s2": "money", "count": 25, "seconds": 78.113056333}}
{"done": 151, "jobs": 384, "elapsed": 2678, "worker": {"a": "nereon", "b": "melia", "s1": "money", "s2": "money", "count": 25, "seconds": 450.154048208}}
{"done": 152, "jobs": 384, "elapsed": 2682, "worker": {"a": "nereon", "b": "melia", "s1": "money", "s2": "engine", "count": 25, "seconds": 259.468625083}}
{"done": 153, "jobs": 384, "elapsed": 2687, "worker": {"a": "nereon", "b": "melia", "s1": "engine", "s2": "money", "count": 25, "seconds": 80.495770458}}
{"done": 154, "jobs": 384, "elapsed": 2704, "worker": {"a": "nereon", "b": "melia", "s1": "money", "s2": "engine", "count": 25, "seconds": 315.98182950000006}}
{"done": 155, "jobs": 384, "elapsed": 2743, "worker": {"a": "nereon", "b": "thaleia", "s1": "money", "s2": "money", "count": 25, "seconds": 1344.625880625}}
{"done": 156, "jobs": 384, "elapsed": 2749, "worker": {"a": "nereon", "b": "melia", "s1": "engine", "s2": "money", "count": 25, "seconds": 105.290607292}}
{"done": 157, "jobs": 384, "elapsed": 2768, "worker": {"a": "nereon", "b": "melia", "s1": "money", "s2": "engine", "count": 25, "seconds": 281.822484958}}
{"done": 158, "jobs": 384, "elapsed": 2837, "worker": {"a": "nereon", "b": "thaleia", "s1": "money", "s2": "money", "count": 25, "seconds": 1520.605914833}}
{"done": 159, "jobs": 384, "elapsed": 2851, "worker": {"a": "nereon", "b": "melia", "s1": "money", "s2": "money", "count": 25, "seconds": 591.776483125}}
{"done": 160, "jobs": 384, "elapsed": 3096, "worker": {"a": "nereon", "b": "doreios", "s1": "money", "s2": "engine", "count": 25, "seconds": 409.0550487080001}}
{"done": 161, "jobs": 384, "elapsed": 3101, "worker": {"a": "nereon", "b": "doreios", "s1": "money", "s2": "money", "count": 25, "seconds": 436.328236958}}
{"done": 162, "jobs": 384, "elapsed": 3115, "worker": {"a": "nereon", "b": "doreios", "s1": "money", "s2": "engine", "count": 25, "seconds": 347.325408333}}
{"done": 163, "jobs": 384, "elapsed": 3127, "worker": {"a": "nereon", "b": "doreios", "s1": "money", "s2": "engine", "count": 25, "seconds": 378.011932417}}
{"done": 164, "jobs": 384, "elapsed": 3159, "worker": {"a": "nereon", "b": "doreios", "s1": "engine", "s2": "money", "count": 25, "seconds": 57.872924416}}
{"done": 165, "jobs": 384, "elapsed": 3174, "worker": {"a": "nereon", "b": "doreios", "s1": "engine", "s2": "money", "count": 25, "seconds": 46.625118582999995}}
{"done": 166, "jobs": 384, "elapsed": 3181, "worker": {"a": "nereon", "b": "doreios", "s1": "engine", "s2": "money", "count": 25, "seconds": 65.727980125}}
{"done": 167, "jobs": 384, "elapsed": 3211, "worker": {"a": "nereon", "b": "doreios", "s1": "engine", "s2": "money", "count": 25, "seconds": 37.1945045}}
{"done": 168, "jobs": 384, "elapsed": 3216, "worker": {"a": "nereon", "b": "doreios", "s1": "engine", "s2": "money", "count": 25, "seconds": 56.240880250000004}}
{"done": 169, "jobs": 384, "elapsed": 3220, "worker": {"a": "nereon", "b": "doreios", "s1": "engine", "s2": "money", "count": 25, "seconds": 39.02146925}}
{"done": 170, "jobs": 384, "elapsed": 3223, "worker": {"a": "nereon", "b": "doreios", "s1": "engine", "s2": "engine", "count": 25, "seconds": 3.1461465}}
{"done": 171, "jobs": 384, "elapsed": 3227, "worker": {"a": "nereon", "b": "doreios", "s1": "engine", "s2": "engine", "count": 25, "seconds": 3.574959625}}
{"done": 172, "jobs": 384, "elapsed": 3230, "worker": {"a": "nereon", "b": "doreios", "s1": "engine", "s2": "engine", "count": 25, "seconds": 3.704947375}}
{"done": 173, "jobs": 384, "elapsed": 3234, "worker": {"a": "nereon", "b": "doreios", "s1": "engine", "s2": "engine", "count": 25, "seconds": 3.777032416}}
{"done": 174, "jobs": 384, "elapsed": 3238, "worker": {"a": "nereon", "b": "doreios", "s1": "engine", "s2": "engine", "count": 25, "seconds": 3.7885009170000004}}
{"done": 175, "jobs": 384, "elapsed": 3241, "worker": {"a": "nereon", "b": "doreios", "s1": "money", "s2": "engine", "count": 25, "seconds": 497.5771085}}
{"done": 176, "jobs": 384, "elapsed": 3241, "worker": {"a": "nereon", "b": "doreios", "s1": "engine", "s2": "engine", "count": 25, "seconds": 2.9807015000000003}}
{"done": 177, "jobs": 384, "elapsed": 3245, "worker": {"a": "nereon", "b": "doreios", "s1": "engine", "s2": "engine", "count": 25, "seconds": 3.617546166}}
{"done": 178, "jobs": 384, "elapsed": 3245, "worker": {"a": "nereon", "b": "doreios", "s1": "engine", "s2": "engine", "count": 25, "seconds": 4.12563325}}
{"done": 179, "jobs": 384, "elapsed": 3255, "worker": {"a": "nereon", "b": "doreios", "s1": "money", "s2": "engine", "count": 25, "seconds": 551.620570916}}
{"done": 180, "jobs": 384, "elapsed": 3258, "worker": {"a": "nereon", "b": "doreios", "s1": "engine", "s2": "money", "count": 25, "seconds": 47.269161}}
{"done": 181, "jobs": 384, "elapsed": 3276, "worker": {"a": "nereon", "b": "doreios", "s1": "engine", "s2": "money", "count": 25, "seconds": 60.358750959000005}}
{"done": 182, "jobs": 384, "elapsed": 3331, "worker": {"a": "nereon", "b": "doreios", "s1": "money", "s2": "engine", "count": 25, "seconds": 479.673451834}}
{"done": 183, "jobs": 384, "elapsed": 3369, "worker": {"a": "nereon", "b": "doreios", "s1": "money", "s2": "money", "count": 25, "seconds": 708.026725208}}
{"done": 184, "jobs": 384, "elapsed": 3384, "worker": {"a": "nereon", "b": "doreios", "s1": "money", "s2": "engine", "count": 25, "seconds": 546.938068417}}
{"done": 185, "jobs": 384, "elapsed": 3396, "worker": {"a": "nereon", "b": "doreios", "s1": "money", "s2": "money", "count": 25, "seconds": 718.395916833}}
{"done": 186, "jobs": 384, "elapsed": 3439, "worker": {"a": "nereon", "b": "doreios", "s1": "money", "s2": "money", "count": 25, "seconds": 773.9166015}}
{"done": 187, "jobs": 384, "elapsed": 3464, "worker": {"a": "nereon", "b": "doreios", "s1": "money", "s2": "money", "count": 25, "seconds": 801.117584667}}
{"done": 188, "jobs": 384, "elapsed": 3486, "worker": {"a": "nereon", "b": "doreios", "s1": "money", "s2": "money", "count": 25, "seconds": 810.460862958}}
{"done": 189, "jobs": 384, "elapsed": 3554, "worker": {"a": "nereon", "b": "doreios", "s1": "money", "s2": "engine", "count": 25, "seconds": 457.374499917}}
{"done": 190, "jobs": 384, "elapsed": 3568, "worker": {"a": "thaleia", "b": "doreios", "s1": "money", "s2": "money", "count": 25, "seconds": 2889.160923542}}
{"done": 191, "jobs": 384, "elapsed": 3628, "worker": {"a": "melia", "b": "thaleia", "s1": "money", "s2": "money", "count": 25, "seconds": 383.00993724999995}}
{"done": 192, "jobs": 384, "elapsed": 3665, "worker": {"a": "melia", "b": "thaleia", "s1": "money", "s2": "money", "count": 25, "seconds": 334.48787824999994}}
{"done": 193, "jobs": 384, "elapsed": 3702, "worker": {"a": "nereon", "b": "doreios", "s1": "money", "s2": "money", "count": 25, "seconds": 1024.589981708}}
{"done": 194, "jobs": 384, "elapsed": 3745, "worker": {"a": "melia", "b": "thaleia", "s1": "money", "s2": "engine", "count": 25, "seconds": 306.236023666}}
{"done": 195, "jobs": 384, "elapsed": 3746, "worker": {"a": "melia", "b": "thaleia", "s1": "money", "s2": "engine", "count": 25, "seconds": 259.980019041}}
{"done": 196, "jobs": 384, "elapsed": 3762, "worker": {"a": "melia", "b": "thaleia", "s1": "money", "s2": "engine", "count": 25, "seconds": 194.422583208}}
{"done": 197, "jobs": 384, "elapsed": 3774, "worker": {"a": "melia", "b": "thaleia", "s1": "money", "s2": "engine", "count": 25, "seconds": 310.274789667}}
{"done": 198, "jobs": 384, "elapsed": 3816, "worker": {"a": "melia", "b": "thaleia", "s1": "engine", "s2": "money", "count": 25, "seconds": 113.75761704199999}}
{"done": 199, "jobs": 384, "elapsed": 3861, "worker": {"a": "melia", "b": "thaleia", "s1": "money", "s2": "engine", "count": 25, "seconds": 307.326956709}}
{"done": 200, "jobs": 384, "elapsed": 3883, "worker": {"a": "melia", "b": "thaleia", "s1": "money", "s2": "engine", "count": 25, "seconds": 254.764628833}}
{"done": 201, "jobs": 384, "elapsed": 3885, "worker": {"a": "melia", "b": "thaleia", "s1": "engine", "s2": "money", "count": 25, "seconds": 139.96032762500002}}
{"done": 202, "jobs": 384, "elapsed": 3886, "worker": {"a": "melia", "b": "thaleia", "s1": "money", "s2": "engine", "count": 25, "seconds": 490.547189167}}
{"done": 203, "jobs": 384, "elapsed": 3890, "worker": {"a": "melia", "b": "thaleia", "s1": "engine", "s2": "money", "count": 25, "seconds": 116.041450333}}
{"done": 204, "jobs": 384, "elapsed": 3891, "worker": {"a": "melia", "b": "thaleia", "s1": "engine", "s2": "engine", "count": 25, "seconds": 6.0387664999999995}}
{"done": 205, "jobs": 384, "elapsed": 3894, "worker": {"a": "melia", "b": "thaleia", "s1": "engine", "s2": "engine", "count": 25, "seconds": 7.67996475}}
{"done": 206, "jobs": 384, "elapsed": 3897, "worker": {"a": "melia", "b": "thaleia", "s1": "engine", "s2": "engine", "count": 25, "seconds": 7.1364072080000005}}
{"done": 207, "jobs": 384, "elapsed": 3898, "worker": {"a": "melia", "b": "thaleia", "s1": "engine", "s2": "engine", "count": 25, "seconds": 6.69179775}}
{"done": 208, "jobs": 384, "elapsed": 3902, "worker": {"a": "melia", "b": "thaleia", "s1": "engine", "s2": "engine", "count": 25, "seconds": 7.992753}}
{"done": 209, "jobs": 384, "elapsed": 3904, "worker": {"a": "melia", "b": "thaleia", "s1": "engine", "s2": "engine", "count": 25, "seconds": 5.807022917}}
{"done": 210, "jobs": 384, "elapsed": 3904, "worker": {"a": "melia", "b": "thaleia", "s1": "engine", "s2": "engine", "count": 25, "seconds": 6.742419416000001}}
{"done": 211, "jobs": 384, "elapsed": 3909, "worker": {"a": "melia", "b": "thaleia", "s1": "engine", "s2": "engine", "count": 25, "seconds": 7.003219417}}
{"done": 212, "jobs": 384, "elapsed": 3911, "worker": {"a": "melia", "b": "thaleia", "s1": "engine", "s2": "money", "count": 25, "seconds": 148.48646379200002}}
{"done": 213, "jobs": 384, "elapsed": 3924, "worker": {"a": "melia", "b": "thaleia", "s1": "engine", "s2": "money", "count": 25, "seconds": 178.547448166}}
{"done": 214, "jobs": 384, "elapsed": 3960, "worker": {"a": "melia", "b": "thaleia", "s1": "money", "s2": "money", "count": 25, "seconds": 704.165609667}}
{"done": 215, "jobs": 384, "elapsed": 4004, "worker": {"a": "melia", "b": "thaleia", "s1": "engine", "s2": "money", "count": 25, "seconds": 187.99576199999998}}
{"done": 216, "jobs": 384, "elapsed": 4007, "worker": {"a": "melia", "b": "thaleia", "s1": "engine", "s2": "money", "count": 25, "seconds": 145.879293833}}
{"done": 217, "jobs": 384, "elapsed": 4019, "worker": {"a": "melia", "b": "thaleia", "s1": "engine", "s2": "money", "count": 25, "seconds": 136.13201029200002}}
{"done": 218, "jobs": 384, "elapsed": 4037, "worker": {"a": "melia", "b": "thaleia", "s1": "money", "s2": "engine", "count": 25, "seconds": 371.794807084}}
{"done": 219, "jobs": 384, "elapsed": 4109, "worker": {"a": "melia", "b": "nereon", "s1": "money", "s2": "money", "count": 25, "seconds": 205.27364875}}
{"done": 220, "jobs": 384, "elapsed": 4147, "worker": {"a": "melia", "b": "nereon", "s1": "money", "s2": "money", "count": 25, "seconds": 243.488825041}}
{"done": 221, "jobs": 384, "elapsed": 4154, "worker": {"a": "melia", "b": "nereon", "s1": "money", "s2": "money", "count": 25, "seconds": 244.736596542}}
{"done": 222, "jobs": 384, "elapsed": 4156, "worker": {"a": "melia", "b": "nereon", "s1": "money", "s2": "money", "count": 25, "seconds": 245.38212212500002}}
{"done": 223, "jobs": 384, "elapsed": 4160, "worker": {"a": "melia", "b": "nereon", "s1": "money", "s2": "money", "count": 25, "seconds": 235.924546916}}
{"done": 224, "jobs": 384, "elapsed": 4217, "worker": {"a": "melia", "b": "nereon", "s1": "money", "s2": "money", "count": 25, "seconds": 212.924620875}}
{"done": 225, "jobs": 384, "elapsed": 4238, "worker": {"a": "melia", "b": "nereon", "s1": "money", "s2": "money", "count": 25, "seconds": 230.886045959}}
{"done": 226, "jobs": 384, "elapsed": 4247, "worker": {"a": "melia", "b": "nereon", "s1": "money", "s2": "money", "count": 25, "seconds": 287.174360166}}
{"done": 227, "jobs": 384, "elapsed": 4256, "worker": {"a": "melia", "b": "nereon", "s1": "money", "s2": "engine", "count": 25, "seconds": 218.54055466600002}}
{"done": 228, "jobs": 384, "elapsed": 4305, "worker": {"a": "melia", "b": "nereon", "s1": "engine", "s2": "money", "count": 25, "seconds": 67.23793970799998}}
{"done": 229, "jobs": 384, "elapsed": 4311, "worker": {"a": "melia", "b": "nereon", "s1": "engine", "s2": "money", "count": 25, "seconds": 63.622009625}}
{"done": 230, "jobs": 384, "elapsed": 4334, "worker": {"a": "melia", "b": "nereon", "s1": "engine", "s2": "money", "count": 25, "seconds": 77.88319129099999}}
{"done": 231, "jobs": 384, "elapsed": 4348, "worker": {"a": "melia", "b": "nereon", "s1": "money", "s2": "engine", "count": 25, "seconds": 328.528713542}}
{"done": 232, "jobs": 384, "elapsed": 4382, "worker": {"a": "melia", "b": "nereon", "s1": "engine", "s2": "money", "count": 25, "seconds": 76.776604917}}
{"done": 233, "jobs": 384, "elapsed": 4390, "worker": {"a": "melia", "b": "nereon", "s1": "engine", "s2": "money", "count": 25, "seconds": 79.380711}}
{"done": 234, "jobs": 384, "elapsed": 4396, "worker": {"a": "melia", "b": "nereon", "s1": "engine", "s2": "engine", "count": 25, "seconds": 5.537220917}}
{"done": 235, "jobs": 384, "elapsed": 4400, "worker": {"a": "melia", "b": "nereon", "s1": "money", "s2": "engine", "count": 25, "seconds": 290.877067083}}
{"done": 236, "jobs": 384, "elapsed": 4401, "worker": {"a": "melia", "b": "nereon", "s1": "engine", "s2": "engine", "count": 25, "seconds": 4.9608575}}
{"done": 237, "jobs": 384, "elapsed": 4404, "worker": {"a": "melia", "b": "nereon", "s1": "engine", "s2": "engine", "count": 25, "seconds": 4.413060125}}
{"done": 238, "jobs": 384, "elapsed": 4406, "worker": {"a": "melia", "b": "nereon", "s1": "engine", "s2": "engine", "count": 25, "seconds": 5.24420425}}
{"done": 239, "jobs": 384, "elapsed": 4409, "worker": {"a": "melia", "b": "nereon", "s1": "engine", "s2": "engine", "count": 25, "seconds": 4.8381518329999995}}
{"done": 240, "jobs": 384, "elapsed": 4410, "worker": {"a": "melia", "b": "nereon", "s1": "engine", "s2": "money", "count": 25, "seconds": 76.77263133299999}}
{"done": 241, "jobs": 384, "elapsed": 4411, "worker": {"a": "melia", "b": "nereon", "s1": "engine", "s2": "engine", "count": 25, "seconds": 5.481993917}}
{"done": 242, "jobs": 384, "elapsed": 4414, "worker": {"a": "melia", "b": "nereon", "s1": "engine", "s2": "engine", "count": 25, "seconds": 5.272466333000001}}
{"done": 243, "jobs": 384, "elapsed": 4416, "worker": {"a": "melia", "b": "nereon", "s1": "engine", "s2": "engine", "count": 25, "seconds": 5.181845834}}
{"done": 244, "jobs": 384, "elapsed": 4419, "worker": {"a": "melia", "b": "nereon", "s1": "money", "s2": "engine", "count": 25, "seconds": 262.24912445900003}}
{"done": 245, "jobs": 384, "elapsed": 4420, "worker": {"a": "melia", "b": "nereon", "s1": "money", "s2": "engine", "count": 25, "seconds": 202.524050833}}
{"done": 246, "jobs": 384, "elapsed": 4420, "worker": {"a": "melia", "b": "nereon", "s1": "engine", "s2": "money", "count": 25, "seconds": 72.36289662499999}}
{"done": 247, "jobs": 384, "elapsed": 4445, "worker": {"a": "melia", "b": "nereon", "s1": "money", "s2": "engine", "count": 25, "seconds": 284.825345375}}
{"done": 248, "jobs": 384, "elapsed": 4452, "worker": {"a": "melia", "b": "nereon", "s1": "engine", "s2": "money", "count": 25, "seconds": 70.230552917}}
{"done": 249, "jobs": 384, "elapsed": 4465, "worker": {"a": "melia", "b": "thaleia", "s1": "money", "s2": "money", "count": 25, "seconds": 1096.2347639579998}}
{"done": 250, "jobs": 384, "elapsed": 4473, "worker": {"a": "melia", "b": "nereon", "s1": "money", "s2": "engine", "count": 25, "seconds": 325.775933708}}
{"done": 251, "jobs": 384, "elapsed": 4477, "worker": {"a": "melia", "b": "nereon", "s1": "money", "s2": "engine", "count": 25, "seconds": 322.91239795800004}}
{"done": 252, "jobs": 384, "elapsed": 4576, "worker": {"a": "melia", "b": "thaleia", "s1": "money", "s2": "money", "count": 25, "seconds": 1331.214311917}}
{"done": 253, "jobs": 384, "elapsed": 4698, "worker": {"a": "melia", "b": "thaleia", "s1": "money", "s2": "money", "count": 25, "seconds": 1440.1006620419998}}
{"done": 254, "jobs": 384, "elapsed": 4876, "worker": {"a": "melia", "b": "doreios", "s1": "money", "s2": "engine", "count": 25, "seconds": 299.95304591700005}}
{"done": 255, "jobs": 384, "elapsed": 4898, "worker": {"a": "melia", "b": "doreios", "s1": "money", "s2": "engine", "count": 25, "seconds": 432.487339458}}
{"done": 256, "jobs": 384, "elapsed": 4923, "worker": {"a": "melia", "b": "doreios", "s1": "money", "s2": "engine", "count": 25, "seconds": 445.77368512500004}}
{"done": 257, "jobs": 384, "elapsed": 4923, "worker": {"a": "melia", "b": "doreios", "s1": "money", "s2": "engine", "count": 25, "seconds": 449.501396208}}
{"done": 258, "jobs": 384, "elapsed": 4954, "worker": {"a": "melia", "b": "doreios", "s1": "money", "s2": "money", "count": 25, "seconds": 538.405947417}}
{"done": 259, "jobs": 384, "elapsed": 4974, "worker": {"a": "melia", "b": "doreios", "s1": "engine", "s2": "money", "count": 25, "seconds": 51.405262583}}
{"done": 260, "jobs": 384, "elapsed": 4992, "worker": {"a": "melia", "b": "doreios", "s1": "engine", "s2": "money", "count": 25, "seconds": 38.20666533400001}}
{"done": 261, "jobs": 384, "elapsed": 5009, "worker": {"a": "melia", "b": "doreios", "s1": "engine", "s2": "money", "count": 25, "seconds": 34.180074874999995}}
{"done": 262, "jobs": 384, "elapsed": 5033, "worker": {"a": "melia", "b": "doreios", "s1": "engine", "s2": "money", "count": 25, "seconds": 40.153597917}}
{"done": 263, "jobs": 384, "elapsed": 5044, "worker": {"a": "melia", "b": "doreios", "s1": "money", "s2": "money", "count": 25, "seconds": 629.483319541}}
{"done": 264, "jobs": 384, "elapsed": 5045, "worker": {"a": "melia", "b": "doreios", "s1": "engine", "s2": "money", "count": 25, "seconds": 36.207894625}}
{"done": 265, "jobs": 384, "elapsed": 5069, "worker": {"a": "melia", "b": "doreios", "s1": "engine", "s2": "money", "count": 25, "seconds": 36.468204}}
{"done": 266, "jobs": 384, "elapsed": 5074, "worker": {"a": "melia", "b": "doreios", "s1": "engine", "s2": "engine", "count": 25, "seconds": 4.330369209}}
{"done": 267, "jobs": 384, "elapsed": 5078, "worker": {"a": "melia", "b": "doreios", "s1": "engine", "s2": "engine", "count": 25, "seconds": 4.105049958}}
{"done": 268, "jobs": 384, "elapsed": 5081, "worker": {"a": "melia", "b": "doreios", "s1": "engine", "s2": "engine", "count": 25, "seconds": 3.653401708}}
{"done": 269, "jobs": 384, "elapsed": 5083, "worker": {"a": "melia", "b": "doreios", "s1": "engine", "s2": "money", "count": 25, "seconds": 38.533573583000006}}
{"done": 270, "jobs": 384, "elapsed": 5085, "worker": {"a": "melia", "b": "doreios", "s1": "money", "s2": "money", "count": 25, "seconds": 664.46443275}}
{"done": 271, "jobs": 384, "elapsed": 5086, "worker": {"a": "melia", "b": "doreios", "s1": "engine", "s2": "engine", "count": 25, "seconds": 4.52672775}}
{"done": 272, "jobs": 384, "elapsed": 5088, "worker": {"a": "melia", "b": "doreios", "s1": "engine", "s2": "engine", "count": 25, "seconds": 4.71190075}}
{"done": 273, "jobs": 384, "elapsed": 5089, "worker": {"a": "melia", "b": "doreios", "s1": "engine", "s2": "engine", "count": 25, "seconds": 3.959413584}}
{"done": 274, "jobs": 384, "elapsed": 5090, "worker": {"a": "melia", "b": "doreios", "s1": "engine", "s2": "engine", "count": 25, "seconds": 4.325070875}}
{"done": 275, "jobs": 384, "elapsed": 5091, "worker": {"a": "melia", "b": "doreios", "s1": "engine", "s2": "money", "count": 25, "seconds": 46.451416542000004}}
{"done": 276, "jobs": 384, "elapsed": 5092, "worker": {"a": "melia", "b": "doreios", "s1": "engine", "s2": "engine", "count": 25, "seconds": 3.7426107079999995}}
{"done": 277, "jobs": 384, "elapsed": 5151, "worker": {"a": "melia", "b": "thaleia", "s1": "money", "s2": "money", "count": 25, "seconds": 1767.138621667}}
{"done": 278, "jobs": 384, "elapsed": 5227, "worker": {"a": "nereon", "b": "doreios", "s1": "money", "s2": "money", "count": 25, "seconds": 2544.583855875}}
{"done": 279, "jobs": 384, "elapsed": 5262, "worker": {"a": "melia", "b": "doreios", "s1": "money", "s2": "engine", "count": 25, "seconds": 563.7690495420001}}
{"done": 280, "jobs": 384, "elapsed": 5275, "worker": {"a": "melia", "b": "doreios", "s1": "money", "s2": "money", "count": 25, "seconds": 829.532221875}}
{"done": 281, "jobs": 384, "elapsed": 5279, "worker": {"a": "doreios", "b": "thaleia", "s1": "money", "s2": "money", "count": 25, "seconds": 189.75599291600003}}
{"done": 282, "jobs": 384, "elapsed": 5284, "worker": {"a": "melia", "b": "doreios", "s1": "money", "s2": "money", "count": 25, "seconds": 865.724096042}}
{"done": 283, "jobs": 384, "elapsed": 5328, "worker": {"a": "melia", "b": "doreios", "s1": "money", "s2": "engine", "count": 25, "seconds": 452.53700770800003}}
{"done": 284, "jobs": 384, "elapsed": 5344, "worker": {"a": "melia", "b": "doreios", "s1": "money", "s2": "engine", "count": 25, "seconds": 445.944123666}}
{"done": 285, "jobs": 384, "elapsed": 5369, "worker": {"a": "doreios", "b": "thaleia", "s1": "money", "s2": "money", "count": 25, "seconds": 217.64955575}}
{"done": 286, "jobs": 384, "elapsed": 5369, "worker": {"a": "melia", "b": "doreios", "s1": "money", "s2": "engine", "count": 25, "seconds": 446.15462304199997}}
{"done": 287, "jobs": 384, "elapsed": 5378, "worker": {"a": "doreios", "b": "thaleia", "s1": "money", "s2": "money", "count": 25, "seconds": 286.31959370799996}}
{"done": 288, "jobs": 384, "elapsed": 5401, "worker": {"a": "melia", "b": "thaleia", "s1": "money", "s2": "money", "count": 25, "seconds": 2125.418870083}}
{"done": 289, "jobs": 384, "elapsed": 5404, "worker": {"a": "doreios", "b": "thaleia", "s1": "money", "s2": "money", "count": 25, "seconds": 313.13512808400003}}
{"done": 290, "jobs": 384, "elapsed": 5487, "worker": {"a": "doreios", "b": "thaleia", "s1": "money", "s2": "money", "count": 25, "seconds": 224.655764833}}
{"done": 291, "jobs": 384, "elapsed": 5492, "worker": {"a": "doreios", "b": "thaleia", "s1": "money", "s2": "engine", "count": 25, "seconds": 207.26591441600002}}
{"done": 292, "jobs": 384, "elapsed": 5507, "worker": {"a": "doreios", "b": "thaleia", "s1": "engine", "s2": "money", "count": 25, "seconds": 103.36827525}}
{"done": 293, "jobs": 384, "elapsed": 5509, "worker": {"a": "doreios", "b": "thaleia", "s1": "money", "s2": "engine", "count": 25, "seconds": 230.289074416}}
{"done": 294, "jobs": 384, "elapsed": 5524, "worker": {"a": "melia", "b": "doreios", "s1": "money", "s2": "money", "count": 25, "seconds": 1112.4172745829999}}
{"done": 295, "jobs": 384, "elapsed": 5540, "worker": {"a": "doreios", "b": "thaleia", "s1": "money", "s2": "engine", "count": 25, "seconds": 211.51571512499999}}
{"done": 296, "jobs": 384, "elapsed": 5567, "worker": {"a": "melia", "b": "doreios", "s1": "money", "s2": "money", "count": 25, "seconds": 1147.0243724999998}}
{"done": 297, "jobs": 384, "elapsed": 5570, "worker": {"a": "doreios", "b": "thaleia", "s1": "money", "s2": "engine", "count": 25, "seconds": 201.82967666700003}}
{"done": 298, "jobs": 384, "elapsed": 5576, "worker": {"a": "doreios", "b": "thaleia", "s1": "engine", "s2": "engine", "count": 25, "seconds": 5.036250833}}
{"done": 299, "jobs": 384, "elapsed": 5581, "worker": {"a": "doreios", "b": "thaleia", "s1": "money", "s2": "money", "count": 25, "seconds": 353.728677458}}
{"done": 300, "jobs": 384, "elapsed": 5581, "worker": {"a": "doreios", "b": "thaleia", "s1": "engine", "s2": "engine", "count": 25, "seconds": 5.267661791}}
{"done": 301, "jobs": 384, "elapsed": 5582, "worker": {"a": "doreios", "b": "thaleia", "s1": "money", "s2": "engine", "count": 25, "seconds": 213.08419012500002}}
{"done": 302, "jobs": 384, "elapsed": 5586, "worker": {"a": "doreios", "b": "thaleia", "s1": "money", "s2": "money", "count": 25, "seconds": 310.79314887499993}}
{"done": 303, "jobs": 384, "elapsed": 5587, "worker": {"a": "doreios", "b": "thaleia", "s1": "engine", "s2": "engine", "count": 25, "seconds": 6.1196969999999995}}
{"done": 304, "jobs": 384, "elapsed": 5587, "worker": {"a": "doreios", "b": "thaleia", "s1": "engine", "s2": "engine", "count": 25, "seconds": 5.903282417}}
{"done": 305, "jobs": 384, "elapsed": 5589, "worker": {"a": "doreios", "b": "thaleia", "s1": "engine", "s2": "engine", "count": 25, "seconds": 6.998951167}}
{"done": 306, "jobs": 384, "elapsed": 5591, "worker": {"a": "doreios", "b": "thaleia", "s1": "engine", "s2": "engine", "count": 25, "seconds": 5.699405625000001}}
{"done": 307, "jobs": 384, "elapsed": 5592, "worker": {"a": "doreios", "b": "thaleia", "s1": "money", "s2": "engine", "count": 25, "seconds": 190.033101667}}
{"done": 308, "jobs": 384, "elapsed": 5592, "worker": {"a": "doreios", "b": "thaleia", "s1": "engine", "s2": "engine", "count": 25, "seconds": 4.848041083}}
{"done": 309, "jobs": 384, "elapsed": 5593, "worker": {"a": "doreios", "b": "thaleia", "s1": "engine", "s2": "engine", "count": 25, "seconds": 5.640042458999999}}
{"done": 310, "jobs": 384, "elapsed": 5613, "worker": {"a": "doreios", "b": "thaleia", "s1": "money", "s2": "engine", "count": 25, "seconds": 234.175836709}}
{"done": 311, "jobs": 384, "elapsed": 5619, "worker": {"a": "doreios", "b": "thaleia", "s1": "engine", "s2": "money", "count": 25, "seconds": 131.583007833}}
{"done": 312, "jobs": 384, "elapsed": 5621, "worker": {"a": "doreios", "b": "thaleia", "s1": "engine", "s2": "money", "count": 25, "seconds": 114.068810041}}
{"done": 313, "jobs": 384, "elapsed": 5626, "worker": {"a": "doreios", "b": "thaleia", "s1": "money", "s2": "engine", "count": 25, "seconds": 281.776361125}}
{"done": 314, "jobs": 384, "elapsed": 5626, "worker": {"a": "doreios", "b": "thaleia", "s1": "engine", "s2": "money", "count": 25, "seconds": 102.363627875}}
{"done": 315, "jobs": 384, "elapsed": 5643, "worker": {"a": "doreios", "b": "thaleia", "s1": "engine", "s2": "money", "count": 25, "seconds": 103.058050083}}
{"done": 316, "jobs": 384, "elapsed": 5644, "worker": {"a": "doreios", "b": "thaleia", "s1": "engine", "s2": "money", "count": 25, "seconds": 134.62403112500002}}
{"done": 317, "jobs": 384, "elapsed": 5679, "worker": {"a": "doreios", "b": "thaleia", "s1": "engine", "s2": "money", "count": 25, "seconds": 186.829767541}}
{"done": 318, "jobs": 384, "elapsed": 5702, "worker": {"a": "melia", "b": "doreios", "s1": "money", "s2": "money", "count": 25, "seconds": 1249.841469125}}
{"done": 319, "jobs": 384, "elapsed": 5707, "worker": {"a": "doreios", "b": "thaleia", "s1": "engine", "s2": "money", "count": 25, "seconds": 140.11000479100002}}
{"done": 320, "jobs": 384, "elapsed": 5725, "worker": {"a": "doreios", "b": "nereon", "s1": "money", "s2": "money", "count": 25, "seconds": 106.7576875}}
{"done": 321, "jobs": 384, "elapsed": 5731, "worker": {"a": "doreios", "b": "nereon", "s1": "money", "s2": "engine", "count": 25, "seconds": 87.368376334}}
{"done": 322, "jobs": 384, "elapsed": 5734, "worker": {"a": "doreios", "b": "nereon", "s1": "money", "s2": "money", "count": 25, "seconds": 141.304458958}}
{"done": 323, "jobs": 384, "elapsed": 5739, "worker": {"a": "doreios", "b": "nereon", "s1": "money", "s2": "money", "count": 25, "seconds": 150.068000375}}
{"done": 324, "jobs": 384, "elapsed": 5741, "worker": {"a": "doreios", "b": "nereon", "s1": "money", "s2": "money", "count": 25, "seconds": 149.074708667}}
{"done": 325, "jobs": 384, "elapsed": 5741, "worker": {"a": "doreios", "b": "nereon", "s1": "money", "s2": "money", "count": 25, "seconds": 149.837144875}}
{"done": 326, "jobs": 384, "elapsed": 5744, "worker": {"a": "doreios", "b": "nereon", "s1": "money", "s2": "money", "count": 25, "seconds": 152.11840025}}
{"done": 327, "jobs": 384, "elapsed": 5746, "worker": {"a": "doreios", "b": "nereon", "s1": "money", "s2": "engine", "count": 25, "seconds": 120.078644042}}
{"done": 328, "jobs": 384, "elapsed": 5756, "worker": {"a": "doreios", "b": "nereon", "s1": "money", "s2": "engine", "count": 25, "seconds": 129.68713549999998}}
{"done": 329, "jobs": 384, "elapsed": 5756, "worker": {"a": "doreios", "b": "nereon", "s1": "money", "s2": "money", "count": 25, "seconds": 134.945636375}}
{"done": 330, "jobs": 384, "elapsed": 5761, "worker": {"a": "doreios", "b": "nereon", "s1": "engine", "s2": "engine", "count": 25, "seconds": 4.633753959000001}}
{"done": 331, "jobs": 384, "elapsed": 5765, "worker": {"a": "doreios", "b": "nereon", "s1": "engine", "s2": "engine", "count": 25, "seconds": 3.758422834}}
{"done": 332, "jobs": 384, "elapsed": 5768, "worker": {"a": "doreios", "b": "nereon", "s1": "engine", "s2": "engine", "count": 25, "seconds": 3.6237039159999997}}
{"done": 333, "jobs": 384, "elapsed": 5772, "worker": {"a": "doreios", "b": "nereon", "s1": "engine", "s2": "engine", "count": 25, "seconds": 3.4104482910000002}}
{"done": 334, "jobs": 384, "elapsed": 5777, "worker": {"a": "doreios", "b": "nereon", "s1": "engine", "s2": "engine", "count": 25, "seconds": 4.830628334}}
{"done": 335, "jobs": 384, "elapsed": 5779, "worker": {"a": "doreios", "b": "nereon", "s1": "money", "s2": "money", "count": 25, "seconds": 166.680518583}}
{"done": 336, "jobs": 384, "elapsed": 5781, "worker": {"a": "doreios", "b": "nereon", "s1": "engine", "s2": "engine", "count": 25, "seconds": 4.509905291}}
{"done": 337, "jobs": 384, "elapsed": 5785, "worker": {"a": "doreios", "b": "nereon", "s1": "engine", "s2": "engine", "count": 25, "seconds": 5.348794624999999}}
{"done": 338, "jobs": 384, "elapsed": 5786, "worker": {"a": "doreios", "b": "nereon", "s1": "engine", "s2": "engine", "count": 25, "seconds": 5.020535541999999}}
{"done": 339, "jobs": 384, "elapsed": 5795, "worker": {"a": "doreios", "b": "nereon", "s1": "engine", "s2": "money", "count": 25, "seconds": 60.581427833}}
{"done": 340, "jobs": 384, "elapsed": 5806, "worker": {"a": "doreios", "b": "nereon", "s1": "engine", "s2": "money", "count": 25, "seconds": 66.08168470899999}}
{"done": 341, "jobs": 384, "elapsed": 5812, "worker": {"a": "doreios", "b": "nereon", "s1": "engine", "s2": "money", "count": 25, "seconds": 81.466693042}}
{"done": 342, "jobs": 384, "elapsed": 5813, "worker": {"a": "doreios", "b": "nereon", "s1": "engine", "s2": "money", "count": 25, "seconds": 67.143976125}}
{"done": 343, "jobs": 384, "elapsed": 5814, "worker": {"a": "doreios", "b": "nereon", "s1": "engine", "s2": "money", "count": 25, "seconds": 73.386989}}
{"done": 344, "jobs": 384, "elapsed": 5816, "worker": {"a": "doreios", "b": "nereon", "s1": "engine", "s2": "money", "count": 25, "seconds": 75.05696683400001}}
{"done": 345, "jobs": 384, "elapsed": 5817, "worker": {"a": "doreios", "b": "nereon", "s1": "money", "s2": "engine", "count": 25, "seconds": 172.8419815}}
{"done": 346, "jobs": 384, "elapsed": 5820, "worker": {"a": "doreios", "b": "nereon", "s1": "engine", "s2": "money", "count": 25, "seconds": 63.556173083000004}}
{"done": 347, "jobs": 384, "elapsed": 5820, "worker": {"a": "doreios", "b": "nereon", "s1": "engine", "s2": "money", "count": 25, "seconds": 76.540372792}}
{"done": 348, "jobs": 384, "elapsed": 5841, "worker": {"a": "doreios", "b": "nereon", "s1": "money", "s2": "engine", "count": 25, "seconds": 134.248105042}}
{"done": 349, "jobs": 384, "elapsed": 5863, "worker": {"a": "doreios", "b": "melia", "s1": "money", "s2": "money", "count": 25, "seconds": 76.503925209}}
{"done": 350, "jobs": 384, "elapsed": 5883, "worker": {"a": "doreios", "b": "nereon", "s1": "money", "s2": "engine", "count": 25, "seconds": 180.673366458}}
{"done": 351, "jobs": 384, "elapsed": 5891, "worker": {"a": "doreios", "b": "nereon", "s1": "money", "s2": "engine", "count": 25, "seconds": 212.007441292}}
{"done": 352, "jobs": 384, "elapsed": 5895, "worker": {"a": "doreios", "b": "melia", "s1": "money", "s2": "money", "count": 25, "seconds": 100.10507570799999}}
{"done": 353, "jobs": 384, "elapsed": 5897, "worker": {"a": "doreios", "b": "melia", "s1": "money", "s2": "money", "count": 25, "seconds": 85.19712599999998}}
{"done": 354, "jobs": 384, "elapsed": 5901, "worker": {"a": "doreios", "b": "melia", "s1": "money", "s2": "money", "count": 25, "seconds": 95.137197667}}
{"done": 355, "jobs": 384, "elapsed": 5903, "worker": {"a": "doreios", "b": "nereon", "s1": "money", "s2": "engine", "count": 25, "seconds": 177.885723792}}
{"done": 356, "jobs": 384, "elapsed": 5905, "worker": {"a": "doreios", "b": "melia", "s1": "money", "s2": "engine", "count": 25, "seconds": 88.180515875}}
{"done": 357, "jobs": 384, "elapsed": 5905, "worker": {"a": "doreios", "b": "melia", "s1": "money", "s2": "money", "count": 25, "seconds": 120.28689366700002}}
{"done": 358, "jobs": 384, "elapsed": 5906, "worker": {"a": "doreios", "b": "melia", "s1": "money", "s2": "money", "count": 25, "seconds": 92.10007866699999}}
{"done": 359, "jobs": 384, "elapsed": 5909, "worker": {"a": "doreios", "b": "melia", "s1": "money", "s2": "money", "count": 25, "seconds": 95.59094587499999}}
{"done": 360, "jobs": 384, "elapsed": 5915, "worker": {"a": "doreios", "b": "melia", "s1": "money", "s2": "engine", "count": 25, "seconds": 94.33472233300002}}
{"done": 361, "jobs": 384, "elapsed": 5924, "worker": {"a": "doreios", "b": "melia", "s1": "money", "s2": "engine", "count": 25, "seconds": 104.31177941600001}}
{"done": 362, "jobs": 384, "elapsed": 5926, "worker": {"a": "doreios", "b": "melia", "s1": "money", "s2": "money", "count": 25, "seconds": 109.476523125}}
{"done": 363, "jobs": 384, "elapsed": 5927, "worker": {"a": "doreios", "b": "melia", "s1": "engine", "s2": "engine", "count": 25, "seconds": 3.229672791}}
{"done": 364, "jobs": 384, "elapsed": 5929, "worker": {"a": "doreios", "b": "melia", "s1": "engine", "s2": "engine", "count": 25, "seconds": 3.422913959}}
{"done": 365, "jobs": 384, "elapsed": 5930, "worker": {"a": "doreios", "b": "melia", "s1": "engine", "s2": "engine", "count": 25, "seconds": 3.0773961250000004}}
{"done": 366, "jobs": 384, "elapsed": 5933, "worker": {"a": "doreios", "b": "melia", "s1": "engine", "s2": "engine", "count": 25, "seconds": 3.781951625}}
{"done": 367, "jobs": 384, "elapsed": 5935, "worker": {"a": "doreios", "b": "melia", "s1": "engine", "s2": "engine", "count": 25, "seconds": 4.079603833}}
{"done": 368, "jobs": 384, "elapsed": 5936, "worker": {"a": "doreios", "b": "melia", "s1": "engine", "s2": "engine", "count": 25, "seconds": 3.0186990409999996}}
{"done": 369, "jobs": 384, "elapsed": 5938, "worker": {"a": "doreios", "b": "melia", "s1": "engine", "s2": "engine", "count": 25, "seconds": 3.4696257499999996}}
{"done": 370, "jobs": 384, "elapsed": 5938, "worker": {"a": "doreios", "b": "melia", "s1": "engine", "s2": "money", "count": 25, "seconds": 40.987325750000004}}
{"done": 371, "jobs": 384, "elapsed": 5939, "worker": {"a": "doreios", "b": "melia", "s1": "engine", "s2": "money", "count": 25, "seconds": 38.261619542}}
{"done": 372, "jobs": 384, "elapsed": 5939, "worker": {"a": "doreios", "b": "melia", "s1": "engine", "s2": "engine", "count": 25, "seconds": 2.9523817909999996}}
{"done": 373, "jobs": 384, "elapsed": 5940, "worker": {"a": "doreios", "b": "melia", "s1": "engine", "s2": "money", "count": 25, "seconds": 36.201772917}}
{"done": 374, "jobs": 384, "elapsed": 5941, "worker": {"a": "doreios", "b": "melia", "s1": "engine", "s2": "money", "count": 25, "seconds": 32.030421625}}
{"done": 375, "jobs": 384, "elapsed": 5942, "worker": {"a": "doreios", "b": "melia", "s1": "engine", "s2": "money", "count": 25, "seconds": 36.548550333}}
{"done": 376, "jobs": 384, "elapsed": 5944, "worker": {"a": "doreios", "b": "melia", "s1": "engine", "s2": "money", "count": 25, "seconds": 39.15554125}}
{"done": 377, "jobs": 384, "elapsed": 5945, "worker": {"a": "doreios", "b": "melia", "s1": "money", "s2": "engine", "count": 25, "seconds": 81.92324608300001}}
{"done": 378, "jobs": 384, "elapsed": 5949, "worker": {"a": "doreios", "b": "melia", "s1": "engine", "s2": "money", "count": 25, "seconds": 42.967460124999995}}
{"done": 379, "jobs": 384, "elapsed": 5951, "worker": {"a": "doreios", "b": "melia", "s1": "engine", "s2": "money", "count": 25, "seconds": 35.872604792}}
{"done": 380, "jobs": 384, "elapsed": 5962, "worker": {"a": "doreios", "b": "melia", "s1": "money", "s2": "engine", "count": 25, "seconds": 120.93439224999999}}
{"done": 381, "jobs": 384, "elapsed": 5970, "worker": {"a": "doreios", "b": "melia", "s1": "money", "s2": "engine", "count": 25, "seconds": 86.8199875}}
{"done": 382, "jobs": 384, "elapsed": 5971, "worker": {"a": "doreios", "b": "melia", "s1": "money", "s2": "engine", "count": 25, "seconds": 80.010956458}}
{"done": 383, "jobs": 384, "elapsed": 5979, "worker": {"a": "doreios", "b": "melia", "s1": "money", "s2": "engine", "count": 25, "seconds": 84.37607949999999}}
{"done": 384, "jobs": 384, "elapsed": 6077, "worker": {"a": "doreios", "b": "thaleia", "s1": "money", "s2": "money", "count": 25, "seconds": 986.4112624999999}}
